BL51 BANKED LINKER/LOCATER V6.22.2.0                                                    09/24/2022  18:27:03  PAGE 1


BL51 BANKED LINKER/LOCATER V6.22.2.0, INVOKED BY:
D:\KEIL\C51\BIN\BL51.EXE .\Objects\STARTUP.obj, .\Objects\main.obj TO .\Objects\test2 PRINT (.\Listings\test2.m51)


MEMORY MODEL: SMALL


INPUT MODULES INCLUDED:
  .\Objects\STARTUP.obj (?C_STARTUP)
  .\Objects\main.obj (MAIN)
  D:\KEIL\C51\LIB\C51S.LIB (?C_INIT)
  D:\KEIL\C51\LIB\C51S.LIB (?C?UIDIV)


LINK MAP OF MODULE:  .\Objects\test2 (?C_STARTUP)


            TYPE    BASE      LENGTH    RELOCATION   SEGMENT NAME
            -----------------------------------------------------

            * * * * * * *   D A T A   M E M O R Y   * * * * * * *
            REG     0000H     0008H     ABSOLUTE     "REG BANK 0"
                    0008H     0018H                  *** GAP ***
            BIT     0020H.0   0001H.1   UNIT         ?BI?MAIN
                    0021H.1   0000H.7                *** GAP ***
            DATA    0022H     001FH     UNIT         ?DT?MAIN
            IDATA   0041H     0001H     UNIT         ?STACK

            * * * * * * *   C O D E   M E M O R Y   * * * * * * *
            CODE    0000H     0003H     ABSOLUTE     
                    0003H     0008H                  *** GAP ***
            CODE    000BH     0003H     ABSOLUTE     
            CODE    000EH     000BH     UNIT         ?PR?_READ_1302?MAIN
                    0019H     0002H                  *** GAP ***
            CODE    001BH     0003H     ABSOLUTE     
            CODE    001EH     0808H     UNIT         ?PR?KEYSCAN?MAIN
            CODE    0826H     02AEH     UNIT         ?CO?MAIN
            CODE    0AD4H     019FH     UNIT         ?PR?TIMER0?MAIN
            CODE    0C73H     009BH     UNIT         ?PR?_WRITE_WEEK?MAIN
            CODE    0D0EH     008CH     UNIT         ?C_C51STARTUP
            CODE    0D9AH     0068H     UNIT         ?PR?MAIN?MAIN
            CODE    0E02H     0062H     UNIT         ?PR?TIMER1?MAIN
            CODE    0E64H     0057H     UNIT         ?PR?LCD_INIT?MAIN
            CODE    0EBBH     0055H     UNIT         ?C?LIB_CODE
            CODE    0F10H     0032H     UNIT         ?PR?_CONVER_WEEK?MAIN
            CODE    0F42H     0030H     UNIT         ?PR?ALARM?MAIN
            CODE    0F72H     002FH     UNIT         ?PR?_WRITE_1302?MAIN
            CODE    0FA1H     002CH     UNIT         ?PR?_WRITE_NSFM?MAIN
            CODE    0FCDH     002AH     UNIT         ?PR?_WRITE_SFM?MAIN
            CODE    0FF7H     0027H     UNIT         ?C_INITSEG
            CODE    101EH     0026H     UNIT         ?PR?_DELAY?MAIN
            CODE    1044H     0026H     UNIT         ?PR?_WRITE_BYTE?MAIN
            CODE    106AH     0021H     UNIT         ?PR?_WRITE_1602DAT?MAIN
            CODE    108BH     0020H     UNIT         ?PR?READ_BYTE?MAIN
            CODE    10ABH     001EH     UNIT         ?PR?_WRITE_NYR?MAIN
            CODE    10C9H     001DH     UNIT         ?PR?DS1302_INIT?MAIN
            CODE    10E6H     001DH     UNIT         ?PR?INIT?MAIN
            CODE    1103H     0019H     UNIT         ?PR?_WRITE_1602COM?MAIN
BL51 BANKED LINKER/LOCATER V6.22.2.0                                                  09/24/2022  18:27:03  PAGE 2


            CODE    111CH     0015H     UNIT         ?PR?ZD_BAOSHI?MAIN
            CODE    1131H     0014H     UNIT         ?PR?_BCD_DECIMAL?MAIN



OVERLAY MAP OF MODULE:   .\Objects\test2 (?C_STARTUP)


SEGMENT
  +--> CALLED SEGMENT
---------------------
?C_C51STARTUP
  +--> ?PR?MAIN?MAIN
  +--> ?C_INITSEG

?PR?MAIN?MAIN
  +--> ?PR?LCD_INIT?MAIN
  +--> ?PR?DS1302_INIT?MAIN
  +--> ?PR?INIT?MAIN
  +--> ?PR?_DELAY?MAIN
  +--> ?PR?KEYSCAN?MAIN
  +--> ?PR?ALARM?MAIN
  +--> ?PR?ZD_BAOSHI?MAIN

?PR?LCD_INIT?MAIN
  +--> ?PR?_WRITE_1602COM?MAIN
  +--> ?CO?MAIN
  +--> ?PR?_WRITE_1602DAT?MAIN

?PR?_WRITE_1602COM?MAIN
  +--> ?PR?_DELAY?MAIN

?PR?_WRITE_1602DAT?MAIN
  +--> ?PR?_WRITE_1602COM?MAIN
  +--> ?PR?_DELAY?MAIN

?PR?DS1302_INIT?MAIN
  +--> ?PR?_WRITE_1302?MAIN

?PR?_WRITE_1302?MAIN
  +--> ?PR?_WRITE_SFM?MAIN
  +--> ?PR?_WRITE_BYTE?MAIN

?PR?_WRITE_SFM?MAIN
  +--> ?PR?_WRITE_1602COM?MAIN
  +--> ?PR?_WRITE_1602DAT?MAIN

?PR?KEYSCAN?MAIN
  +--> ?PR?_DELAY?MAIN
  +--> ?PR?_WRITE_1602COM?MAIN
  +--> ?PR?_WRITE_1602DAT?MAIN
  +--> ?CO?MAIN
  +--> ?PR?_WRITE_NSFM?MAIN
  +--> ?PR?_WRITE_1302?MAIN
  +--> ?PR?_WRITE_SFM?MAIN
  +--> ?PR?_WRITE_WEEK?MAIN
  +--> ?PR?_WRITE_NYR?MAIN
BL51 BANKED LINKER/LOCATER V6.22.2.0                                                  09/24/2022  18:27:03  PAGE 3



?PR?_WRITE_NSFM?MAIN
  +--> ?PR?_WRITE_1602DAT?MAIN

?PR?_WRITE_WEEK?MAIN
  +--> ?PR?_CONVER_WEEK?MAIN
  +--> ?PR?_WRITE_1602COM?MAIN
  +--> ?PR?_WRITE_1602DAT?MAIN

?PR?_CONVER_WEEK?MAIN
  +--> ?CO?MAIN

?PR?_WRITE_NYR?MAIN
  +--> ?PR?_WRITE_1602DAT?MAIN

?PR?ZD_BAOSHI?MAIN
  +--> ?PR?_DELAY?MAIN

*** NEW ROOT ***************************************************

?PR?TIMER0?MAIN
  +--> ?PR?_BCD_DECIMAL?MAIN
  +--> ?PR?_READ_1302?MAIN
  +--> ?PR?_WRITE_1602COM?MAIN
  +--> ?CO?MAIN
  +--> ?PR?_WRITE_1602DAT?MAIN
  +--> ?PR?_WRITE_NSFM?MAIN
  +--> ?PR?KEYSCAN?MAIN
  +--> ?PR?_WRITE_SFM?MAIN
  +--> ?PR?_WRITE_NYR?MAIN
  +--> ?PR?_WRITE_WEEK?MAIN

?PR?_BCD_DECIMAL?MAIN
  +--> ?PR?_READ_1302?MAIN

?PR?_READ_1302?MAIN
  +--> ?PR?_WRITE_BYTE?MAIN
  +--> ?PR?READ_BYTE?MAIN



SYMBOL TABLE OF MODULE:  .\Objects\test2 (?C_STARTUP)

  VALUE           TYPE          NAME
  ----------------------------------

  -------         MODULE        ?C_STARTUP
  C:0D0EH         SEGMENT       ?C_C51STARTUP
  I:0041H         SEGMENT       ?STACK
  C:0000H         PUBLIC        ?C_STARTUP
  D:00E0H         SYMBOL        ACC
  D:00F0H         SYMBOL        B
  D:0083H         SYMBOL        DPH
  D:0082H         SYMBOL        DPL
  N:0000H         SYMBOL        IBPSTACK
  N:0100H         SYMBOL        IBPSTACKTOP
  N:0080H         SYMBOL        IDATALEN
BL51 BANKED LINKER/LOCATER V6.22.2.0                                                  09/24/2022  18:27:03  PAGE 4


  C:0D11H         SYMBOL        IDATALOOP
  N:0000H         SYMBOL        PBPSTACK
  N:0100H         SYMBOL        PBPSTACKTOP
  N:0000H         SYMBOL        PDATALEN
  N:0000H         SYMBOL        PDATASTART
  N:0000H         SYMBOL        PPAGE
  N:0000H         SYMBOL        PPAGEENABLE
  D:00A0H         SYMBOL        PPAGE_SFR
  D:0081H         SYMBOL        SP
  C:0D0EH         SYMBOL        STARTUP1
  N:0000H         SYMBOL        XBPSTACK
  N:0000H         SYMBOL        XBPSTACKTOP
  N:0000H         SYMBOL        XDATALEN
  N:0000H         SYMBOL        XDATASTART
  C:0000H         LINE#         126
  C:0D0EH         LINE#         133
  C:0D10H         LINE#         134
  C:0D11H         LINE#         135
  C:0D12H         LINE#         136
  C:0D14H         LINE#         185
  C:0D17H         LINE#         196
  -------         ENDMOD        ?C_STARTUP

  -------         MODULE        MAIN
  C:0000H         SYMBOL        _ICE_DUMMY_
  B:00E0H.7       PUBLIC        ACC7
  B:0020H.0       PUBLIC        c_moon
  C:0F10H         PUBLIC        _Conver_week
  D:0080H         PUBLIC        P0
  D:0090H         PUBLIC        P1
  D:00A0H         PUBLIC        P2
  D:00B0H         PUBLIC        P3
  D:0022H         PUBLIC        nz_fen
  B:00A8H.7       PUBLIC        EA
  C:0AADH         PUBLIC        NZd
  D:00A8H         PUBLIC        IE
  D:0023H         PUBLIC        nz_shi
  C:0F42H         PUBLIC        alarm
  D:0024H         PUBLIC        tflag
  C:1026H         PUBLIC        _delay
  C:1072H         PUBLIC        _write_1602dat
  D:0025H         PUBLIC        STPSec
  B:00A0H.1       PUBLIC        IO
  D:00B8H         PUBLIC        IP
  C:1103H         PUBLIC        _write_1602com
  C:0A8CH         PUBLIC        table_week
  D:0026H         PUBLIC        oSTPtime
  D:0027H         PUBLIC        flag
  D:0029H         PUBLIC        STPMin
  D:002AH         PUBLIC        shangyimiao
  C:0826H         PUBLIC        TH0T
  C:0827H         PUBLIC        TL0T
  B:00A0H.3       PUBLIC        buzzer
  C:0D9AH         PUBLIC        main
  D:002BH         PUBLIC        nian
  D:002CH         PUBLIC        miao
  D:002DH         PUBLIC        STPtime
BL51 BANKED LINKER/LOCATER V6.22.2.0                                                  09/24/2022  18:27:03  PAGE 5


  B:00B0H.1       PUBLIC        add
  B:00B0H.2       PUBLIC        dec
  D:002FH         PUBLIC        week
  B:00A0H.0       PUBLIC        SCLK
  B:0020H.1       PUBLIC        STPRun
  C:0828H         PUBLIC        year_code
  D:0098H         PUBLIC        SCON
  C:108BH         PUBLIC        read_byte
  D:0089H         PUBLIC        TMOD
  D:0088H         PUBLIC        TCON
  C:10E6H         PUBLIC        init
  C:10C9H         PUBLIC        ds1302_init
  B:0020H.2       PUBLIC        fSTPW
  B:00B0H.7       PUBLIC        led
  D:0030H         PUBLIC        temp
  D:0031H         PUBLIC        fen
  D:0032H         PUBLIC        setn
  C:0C7EH         PUBLIC        _write_week
  D:0033H         PUBLIC        temp_miao
  B:0020H.3       PUBLIC        p_r
  D:0034H         PUBLIC        bsn
  C:0FB3H         PUBLIC        _write_nsfm
  C:000EH         PUBLIC        _read_1302
  C:104AH         PUBLIC        _write_byte
  D:0035H         PUBLIC        month_moon
  D:0036H         PUBLIC        shi
  D:00E0H         PUBLIC        ACC
  B:00A8H.1       PUBLIC        ET0
  B:00A8H.3       PUBLIC        ET1
  C:0E64H         PUBLIC        lcd_init
  D:008CH         PUBLIC        TH0
  B:00B0H.0       PUBLIC        set
  B:0088H.0       PUBLIC        IT0
  D:008DH         PUBLIC        TH1
  B:0088H.2       PUBLIC        IT1
  D:0037H         PUBLIC        year_moon
  D:008AH         PUBLIC        TL0
  D:008BH         PUBLIC        TL1
  B:00A0H.7       PUBLIC        en
  C:0AD4H         PUBLIC        timer0
  D:0038H         PUBLIC        yue
  C:0E02H         PUBLIC        timer1
  C:0F92H         PUBLIC        _write_1302
  C:0FD1H         PUBLIC        _write_sfm
  B:0020H.4       PUBLIC        fAlarm
  B:0088H.4       PUBLIC        TR0
  D:0039H         PUBLIC        T_NL_NZ
  B:0088H.6       PUBLIC        TR1
  D:003AH         PUBLIC        temp_hour
  D:003BH         PUBLIC        day_moon
  D:003CH         PUBLIC        ri
  C:0ABEH         PUBLIC        qk
  D:003DH         PUBLIC        count1
  C:1134H         PUBLIC        _BCD_Decimal
  D:003EH         PUBLIC        a
  C:0ACFH         PUBLIC        tm
  B:0020H.5       PUBLIC        timerOn
BL51 BANKED LINKER/LOCATER V6.22.2.0                                                  09/24/2022  18:27:03  PAGE 6


  B:00B0H.3       PUBLIC        seeNL_NZ
  D:003FH         PUBLIC        setNZn
  B:00A0H.5       PUBLIC        rs
  B:0020H.6       PUBLIC        led1
  D:00C8H         PUBLIC        T2CON
  C:10AFH         PUBLIC        _write_nyr
  C:0A98H         PUBLIC        tab1
  B:00A0H.6       PUBLIC        rw
  C:0AA4H         PUBLIC        tab2
  C:0A7DH         PUBLIC        day_code1
  C:0A86H         PUBLIC        day_code2
  D:0040H         PUBLIC        nz_miao
  C:001EH         PUBLIC        keyscan
  B:00E0H.0       PUBLIC        ACC0
  C:111CH         PUBLIC        ZD_baoshi
  B:0020H.7       PUBLIC        STPPause
  B:0021H.0       PUBLIC        baoshi
  B:00A0H.2       PUBLIC        RST
  D:00D0H         PUBLIC        PSW
  -------         PROC          _CONVER_WEEK
  D:0007H         SYMBOL        year
  D:0005H         SYMBOL        month
  D:0003H         SYMBOL        day
  -------         DO            
  D:0006H         SYMBOL        p1
  D:0006H         SYMBOL        p2
  -------         ENDDO         
  C:0F10H         LINE#         302
  C:0F10H         LINE#         303
  C:0F10H         LINE#         305
  C:0F14H         LINE#         306
  C:0F18H         LINE#         307
  C:0F19H         LINE#         308
  C:0F1FH         LINE#         309
  C:0F29H         LINE#         310
  C:0F39H         LINE#         311
  C:0F41H         LINE#         312
  -------         ENDPROC       _CONVER_WEEK
  C:101EH         SYMBOL        L?0339
  -------         PROC          L?0338
  -------         ENDPROC       L?0338
  C:101EH         SYMBOL        L?0339
  -------         PROC          _DELAY
  D:0006H         SYMBOL        xms
  -------         DO            
  D:0006H         SYMBOL        x
  D:0004H         SYMBOL        y
  -------         ENDDO         
  C:1026H         LINE#         331
  C:1026H         LINE#         332
  C:1026H         LINE#         334
  C:102FH         LINE#         335
  C:1043H         LINE#         336
  -------         ENDPROC       _DELAY
  -------         PROC          _WRITE_1602COM
  D:0007H         SYMBOL        com
  C:1103H         LINE#         342
BL51 BANKED LINKER/LOCATER V6.22.2.0                                                  09/24/2022  18:27:03  PAGE 7


  C:1103H         LINE#         343
  C:1103H         LINE#         344
  C:1105H         LINE#         345
  C:1107H         LINE#         346
  C:1109H         LINE#         347
  C:1110H         LINE#         348
  C:1112H         LINE#         349
  C:1119H         LINE#         350
  C:111BH         LINE#         351
  -------         ENDPROC       _WRITE_1602COM
  C:106AH         SYMBOL        L?0337
  -------         PROC          L?0336
  -------         ENDPROC       L?0336
  C:106AH         SYMBOL        L?0337
  -------         PROC          _WRITE_1602DAT
  D:0007H         SYMBOL        dat
  C:1072H         LINE#         354
  C:1072H         LINE#         355
  C:1072H         LINE#         356
  C:1074H         LINE#         357
  C:1076H         LINE#         358
  C:1078H         LINE#         359
  C:107FH         LINE#         360
  C:1081H         LINE#         361
  C:1088H         LINE#         362
  C:108AH         LINE#         363
  -------         ENDPROC       _WRITE_1602DAT
  -------         PROC          LCD_INIT
  C:0E64H         LINE#         366
  C:0E64H         LINE#         367
  C:0E64H         LINE#         368
  C:0E69H         LINE#         369
  C:0E6EH         LINE#         370
  C:0E73H         LINE#         371
  C:0E78H         LINE#         373
  C:0E7DH         LINE#         374
  C:0E8BH         LINE#         375
  C:0E8BH         LINE#         376
  C:0E95H         LINE#         378
  C:0E99H         LINE#         379
  C:0E9EH         LINE#         380
  C:0EACH         LINE#         381
  C:0EACH         LINE#         382
  C:0EB6H         LINE#         384
  C:0EBAH         LINE#         386
  -------         ENDPROC       LCD_INIT
  -------         PROC          L?0347
  -------         ENDPROC       L?0347
  -------         PROC          _WRITE_BYTE
  D:0007H         SYMBOL        dat
  C:104AH         LINE#         392
  C:104AH         LINE#         393
  C:104AH         LINE#         394
  C:104BH         LINE#         395
  C:104DH         LINE#         396
  C:105BH         LINE#         397
  C:105BH         LINE#         398
BL51 BANKED LINKER/LOCATER V6.22.2.0                                                  09/24/2022  18:27:03  PAGE 8


  C:105FH         LINE#         399
  C:1061H         LINE#         400
  C:1063H         LINE#         401
  C:1065H         LINE#         402
  C:1069H         LINE#         403
  -------         ENDPROC       _WRITE_BYTE
  -------         PROC          READ_BYTE
  C:108BH         LINE#         404
  C:108BH         LINE#         405
  C:108BH         LINE#         406
  C:108DH         LINE#         407
  C:109BH         LINE#         408
  C:109BH         LINE#         409
  C:109FH         LINE#         410
  C:10A1H         LINE#         411
  C:10A3H         LINE#         412
  C:10A5H         LINE#         414
  C:10A9H         LINE#         415
  C:10AAH         LINE#         416
  -------         ENDPROC       READ_BYTE
  C:0F79H         SYMBOL        L?0331
  C:0F85H         SYMBOL        L?0332
  C:0F8EH         SYMBOL        L?0333
  -------         PROC          L?0330
  -------         ENDPROC       L?0330
  C:0F79H         SYMBOL        L?0331
  C:0F85H         SYMBOL        L?0332
  C:0F8EH         SYMBOL        L?0333
  -------         PROC          _WRITE_1302
  D:0007H         SYMBOL        add
  D:0006H         SYMBOL        dat
  C:0F92H         LINE#         418
  C:0F94H         LINE#         419
  C:0F94H         LINE#         420
  C:0F94H         LINE#         421
  C:0F94H         LINE#         422
  C:0F94H         LINE#         423
  C:0F97H         LINE#         424
  C:0F9CH         LINE#         425
  C:0F9EH         LINE#         426
  C:0FA0H         LINE#         427
  -------         ENDPROC       _WRITE_1302
  -------         PROC          _READ_1302
  D:0007H         SYMBOL        add
  -------         DO            
  D:0007H         SYMBOL        temp
  -------         ENDDO         
  C:000EH         LINE#         428
  C:000EH         LINE#         429
  C:000EH         LINE#         431
  C:000EH         LINE#         432
  C:000EH         LINE#         433
  C:000EH         LINE#         434
  C:0011H         LINE#         435
  C:0014H         LINE#         436
  C:0016H         LINE#         437
  C:0018H         LINE#         438
BL51 BANKED LINKER/LOCATER V6.22.2.0                                                  09/24/2022  18:27:03  PAGE 9


  C:0018H         LINE#         439
  -------         ENDPROC       _READ_1302
  -------         PROC          L?0344
  -------         ENDPROC       L?0344
  -------         PROC          _BCD_DECIMAL
  D:0007H         SYMBOL        bcd
  -------         DO            
  D:0006H         SYMBOL        Decimal
  -------         ENDDO         
  C:1134H         LINE#         441
  C:1134H         LINE#         442
  C:1134H         LINE#         444
  C:1139H         LINE#         445
  C:1144H         LINE#         446
  -------         ENDPROC       _BCD_DECIMAL
  -------         PROC          DS1302_INIT
  C:10C9H         LINE#         449
  C:10C9H         LINE#         450
  C:10C9H         LINE#         451
  C:10CBH         LINE#         452
  C:10CDH         LINE#         454
  C:10D0H         LINE#         455
  C:10D5H         LINE#         456
  C:10DAH         LINE#         457
  C:10DFH         LINE#         466
  -------         ENDPROC       DS1302_INIT
  C:0FCDH         SYMBOL        L?0346
  -------         PROC          L?0345
  -------         ENDPROC       L?0345
  C:0FCDH         SYMBOL        L?0346
  -------         PROC          _WRITE_SFM
  D:0003H         SYMBOL        add
  D:0005H         SYMBOL        dat
  -------         DO            
  D:0001H         SYMBOL        gw
  D:0002H         SYMBOL        sw
  -------         ENDDO         
  C:0FD1H         LINE#         474
  C:0FD3H         LINE#         475
  C:0FD3H         LINE#         477
  C:0FDAH         LINE#         478
  C:0FE0H         LINE#         479
  C:0FE5H         LINE#         480
  C:0FEAH         LINE#         481
  C:0FEDH         LINE#         482
  C:0FF0H         LINE#         483
  -------         ENDPROC       _WRITE_SFM
  C:0FAFH         SYMBOL        L?0341
  -------         PROC          L?0340
  -------         ENDPROC       L?0340
  C:0FAFH         SYMBOL        L?0341
  -------         PROC          _WRITE_NSFM
  D:0007H         SYMBOL        add
  D:0005H         SYMBOL        dat
  -------         DO            
  D:0003H         SYMBOL        gw
  D:0002H         SYMBOL        sw
BL51 BANKED LINKER/LOCATER V6.22.2.0                                                  09/24/2022  18:27:03  PAGE 10


  -------         ENDDO         
  C:0FB3H         LINE#         488
  C:0FB3H         LINE#         489
  C:0FB3H         LINE#         491
  C:0FBAH         LINE#         492
  C:0FC0H         LINE#         493
  C:0FC3H         LINE#         494
  C:0FC6H         LINE#         495
  -------         ENDPROC       _WRITE_NSFM
  C:10ABH         SYMBOL        L?0343
  -------         PROC          L?0342
  -------         ENDPROC       L?0342
  C:10ABH         SYMBOL        L?0343
  -------         PROC          _WRITE_NYR
  D:0007H         SYMBOL        add
  D:0005H         SYMBOL        dat
  -------         DO            
  D:0003H         SYMBOL        gw
  D:0002H         SYMBOL        sw
  -------         ENDDO         
  C:10AFH         LINE#         500
  C:10AFH         LINE#         501
  C:10AFH         LINE#         503
  C:10B6H         LINE#         504
  C:10BCH         LINE#         505
  C:10BFH         LINE#         506
  C:10C2H         LINE#         507
  -------         ENDPROC       _WRITE_NYR
  C:0C73H         SYMBOL        L?0335
  -------         PROC          L?0334
  -------         ENDPROC       L?0334
  C:0C73H         SYMBOL        L?0335
  -------         PROC          _WRITE_WEEK
  D:0003H         SYMBOL        week
  C:0C7EH         LINE#         514
  C:0C80H         LINE#         515
  C:0C80H         LINE#         516
  C:0C85H         LINE#         517
  C:0CAAH         LINE#         518
  C:0CAAH         LINE#         519
  C:0CAFH         LINE#         520
  C:0CB1H         LINE#         521
  C:0CB1H         LINE#         522
  C:0CB1H         LINE#         523
  C:0CB3H         LINE#         525
  C:0CB8H         LINE#         526
  C:0CBDH         LINE#         527
  C:0CBFH         LINE#         528
  C:0CBFH         LINE#         529
  C:0CC1H         LINE#         531
  C:0CC6H         LINE#         532
  C:0CCBH         LINE#         533
  C:0CCDH         LINE#         534
  C:0CCDH         LINE#         535
  C:0CCFH         LINE#         537
  C:0CD4H         LINE#         538
  C:0CD9H         LINE#         539
BL51 BANKED LINKER/LOCATER V6.22.2.0                                                  09/24/2022  18:27:03  PAGE 11


  C:0CDBH         LINE#         540
  C:0CDBH         LINE#         541
  C:0CDDH         LINE#         543
  C:0CE2H         LINE#         544
  C:0CE7H         LINE#         545
  C:0CE9H         LINE#         546
  C:0CE9H         LINE#         547
  C:0CEBH         LINE#         549
  C:0CF0H         LINE#         550
  C:0CF5H         LINE#         551
  C:0CF7H         LINE#         552
  C:0CF7H         LINE#         553
  C:0CF9H         LINE#         555
  C:0CFEH         LINE#         556
  C:0D03H         LINE#         557
  C:0D08H         LINE#         558
  C:0D0DH         LINE#         559
  C:0D0DH         LINE#         561
  C:0D0DH         LINE#         563
  -------         ENDPROC       _WRITE_WEEK
  -------         PROC          KEYSCAN
  C:001EH         LINE#         567
  C:001EH         LINE#         568
  C:001EH         LINE#         569
  C:0021H         LINE#         570
  C:0021H         LINE#         571
  C:0028H         LINE#         572
  C:002BH         LINE#         573
  C:002BH         LINE#         574
  C:002DH         LINE#         575
  C:0035H         LINE#         576
  C:0035H         LINE#         577
  C:0037H         LINE#         578
  C:003DH         LINE#         579
  C:003FH         LINE#         581
  C:0042H         LINE#         582
  C:0042H         LINE#         583
  C:0044H         LINE#         584
  C:0046H         LINE#         585
  C:0048H         LINE#         586
  C:004AH         LINE#         588
  C:004AH         LINE#         589
  C:004CH         LINE#         590
  C:0057H         LINE#         591
  C:005DH         LINE#         592
  C:005DH         LINE#         593
  C:005FH         LINE#         594
  C:0061H         LINE#         595
  C:0063H         LINE#         596
  C:006FH         LINE#         597
  C:0074H         LINE#         598
  C:0079H         LINE#         599
  C:0079H         LINE#         600
  C:0079H         LINE#         601
  C:0079H         LINE#         602
  C:007CH         LINE#         605
  C:007CH         LINE#         606
BL51 BANKED LINKER/LOCATER V6.22.2.0                                                  09/24/2022  18:27:03  PAGE 12


  C:007CH         LINE#         609
  C:008BH         LINE#         610
  C:008BH         LINE#         611
  C:0092H         LINE#         612
  C:0098H         LINE#         613
  C:0098H         LINE#         614
  C:0098H         LINE#         617
  C:0098H         LINE#         618
  C:009BH         LINE#         619
  C:009DH         LINE#         620
  C:00A0H         LINE#         621
  C:00A6H         LINE#         622
  C:00A6H         LINE#         623
  C:00A8H         LINE#         624
  C:00AEH         LINE#         625
  C:00AEH         LINE#         626
  C:00B0H         LINE#         627
  C:00B4H         LINE#         628
  C:00B6H         LINE#         629
  C:00B6H         LINE#         630
  C:00C8H         LINE#         631
  C:00C8H         LINE#         632
  C:00C8H         LINE#         633
  C:00CDH         LINE#         634
  C:00D2H         LINE#         635
  C:00E0H         LINE#         636
  C:00EEH         LINE#         638
  C:00EEH         LINE#         639
  C:00EEH         LINE#         640
  C:00F1H         LINE#         641
  C:00F4H         LINE#         642
  C:00F4H         LINE#         643
  C:00F6H         LINE#         644
  C:00F6H         LINE#         645
  C:00F8H         LINE#         646
  C:00F8H         LINE#         647
  C:00FAH         LINE#         648
  C:00FAH         LINE#         649
  C:00FCH         LINE#         650
  C:00FCH         LINE#         651
  C:0101H         LINE#         652
  C:0103H         LINE#         653
  C:0105H         LINE#         654
  C:0105H         LINE#         655
  C:0105H         LINE#         658
  C:0105H         LINE#         659
  C:0109H         LINE#         660
  C:0109H         LINE#         661
  C:010BH         LINE#         662
  C:0111H         LINE#         663
  C:0113H         LINE#         664
  C:0136H         LINE#         665
  C:0136H         LINE#         667
  C:0138H         LINE#         669
  C:013DH         LINE#         670
  C:0142H         LINE#         671
  C:0142H         LINE#         672
BL51 BANKED LINKER/LOCATER V6.22.2.0                                                  09/24/2022  18:27:03  PAGE 13


  C:0145H         LINE#         673
  C:014AH         LINE#         674
  C:014AH         LINE#         675
  C:014CH         LINE#         676
  C:014CH         LINE#         677
  C:014EH         LINE#         679
  C:0150H         LINE#         680
  C:0150H         LINE#         681
  C:0152H         LINE#         683
  C:0154H         LINE#         687
  C:0156H         LINE#         689
  C:0158H         LINE#         690
  C:015AH         LINE#         692
  C:015CH         LINE#         693
  C:0161H         LINE#         695
  C:0163H         LINE#         696
  C:0163H         LINE#         697
  C:0168H         LINE#         698
  C:016AH         LINE#         699
  C:016AH         LINE#         700
  C:016DH         LINE#         701
  C:0174H         LINE#         702
  C:017BH         LINE#         703
  C:017BH         LINE#         704
  C:017BH         LINE#         705
  C:017BH         LINE#         706
  C:017BH         LINE#         707
  C:017BH         LINE#         708
  C:017BH         LINE#         710
  C:0189H         LINE#         711
  C:0189H         LINE#         712
  C:018FH         LINE#         713
  C:018FH         LINE#         714
  C:0195H         LINE#         715
  C:019BH         LINE#         716
  C:019BH         LINE#         717
  C:019BH         LINE#         720
  C:019BH         LINE#         721
  C:019EH         LINE#         722
  C:01A0H         LINE#         723
  C:01A3H         LINE#         724
  C:01C5H         LINE#         725
  C:01C5H         LINE#         726
  C:01C7H         LINE#         727
  C:01CDH         LINE#         728
  C:01CFH         LINE#         729
  C:01CFH         LINE#         730
  C:01CFH         LINE#         731
  C:01D2H         LINE#         732
  C:01D9H         LINE#         733
  C:01E0H         LINE#         734
  C:01E2H         LINE#         736
  C:01E5H         LINE#         737
  C:01E7H         LINE#         738
  C:01EDH         LINE#         739
  C:01EFH         LINE#         740
  C:01F2H         LINE#         741
BL51 BANKED LINKER/LOCATER V6.22.2.0                                                  09/24/2022  18:27:03  PAGE 14


  C:01FEH         LINE#         742
  C:0201H         LINE#         743
  C:0208H         LINE#         744
  C:020FH         LINE#         745
  C:0211H         LINE#         746
  C:0214H         LINE#         747
  C:0216H         LINE#         748
  C:021CH         LINE#         749
  C:021EH         LINE#         750
  C:0225H         LINE#         751
  C:0231H         LINE#         752
  C:0234H         LINE#         753
  C:023BH         LINE#         754
  C:0242H         LINE#         755
  C:0244H         LINE#         756
  C:0247H         LINE#         770
  C:0249H         LINE#         771
  C:026EH         LINE#         772
  C:026EH         LINE#         773
  C:0279H         LINE#         774
  C:027BH         LINE#         775
  C:0281H         LINE#         776
  C:0281H         LINE#         777
  C:028CH         LINE#         778
  C:028EH         LINE#         780
  C:028EH         LINE#         781
  C:0294H         LINE#         782
  C:0294H         LINE#         783
  C:029EH         LINE#         784
  C:029EH         LINE#         785
  C:02B6H         LINE#         786
  C:02C1H         LINE#         787
  C:02C3H         LINE#         788
  C:02CEH         LINE#         789
  C:02D0H         LINE#         790
  C:02DEH         LINE#         791
  C:02DEH         LINE#         792
  C:02DEH         LINE#         793
  C:02E1H         LINE#         794
  C:02E4H         LINE#         795
  C:02F0H         LINE#         796
  C:02F3H         LINE#         797
  C:02FAH         LINE#         798
  C:0301H         LINE#         799
  C:0303H         LINE#         801
  C:0306H         LINE#         802
  C:0308H         LINE#         803
  C:0311H         LINE#         804
  C:0327H         LINE#         805
  C:0327H         LINE#         806
  C:0335H         LINE#         807
  C:0337H         LINE#         808
  C:033DH         LINE#         809
  C:033DH         LINE#         810
  C:0343H         LINE#         811
  C:0343H         LINE#         812
  C:034DH         LINE#         813
BL51 BANKED LINKER/LOCATER V6.22.2.0                                                  09/24/2022  18:27:03  PAGE 15


  C:034DH         LINE#         814
  C:035BH         LINE#         815
  C:035BH         LINE#         816
  C:0366H         LINE#         817
  C:0369H         LINE#         818
  C:0369H         LINE#         819
  C:036BH         LINE#         820
  C:0379H         LINE#         821
  C:037BH         LINE#         822
  C:038CH         LINE#         824
  C:038CH         LINE#         825
  C:038CH         LINE#         826
  C:038FH         LINE#         827
  C:0396H         LINE#         828
  C:03A2H         LINE#         829
  C:03A5H         LINE#         830
  C:03ACH         LINE#         831
  C:03B3H         LINE#         832
  C:03B5H         LINE#         834
  C:03B8H         LINE#         835
  C:03BAH         LINE#         836
  C:03C0H         LINE#         837
  C:03C2H         LINE#         838
  C:03C8H         LINE#         839
  C:03C8H         LINE#         840
  C:03CEH         LINE#         841
  C:03CEH         LINE#         842
  C:03D8H         LINE#         843
  C:03D8H         LINE#         844
  C:03E6H         LINE#         845
  C:03E6H         LINE#         846
  C:03F1H         LINE#         847
  C:03F1H         LINE#         848
  C:03F1H         LINE#         849
  C:03F3H         LINE#         850
  C:0401H         LINE#         851
  C:0403H         LINE#         852
  C:0414H         LINE#         854
  C:0414H         LINE#         855
  C:0414H         LINE#         856
  C:0417H         LINE#         857
  C:041EH         LINE#         858
  C:042AH         LINE#         859
  C:042DH         LINE#         860
  C:0434H         LINE#         861
  C:043BH         LINE#         862
  C:0440H         LINE#         864
  C:0440H         LINE#         865
  C:0440H         LINE#         866
  C:0440H         LINE#         868
  C:0440H         LINE#         870
  C:0446H         LINE#         871
  C:0446H         LINE#         872
  C:044DH         LINE#         873
  C:0453H         LINE#         874
  C:0453H         LINE#         875
  C:0453H         LINE#         878
BL51 BANKED LINKER/LOCATER V6.22.2.0                                                  09/24/2022  18:27:03  PAGE 16


  C:0453H         LINE#         879
  C:0456H         LINE#         880
  C:0458H         LINE#         881
  C:045BH         LINE#         882
  C:047DH         LINE#         883
  C:047DH         LINE#         884
  C:047DH         LINE#         885
  C:047FH         LINE#         886
  C:0489H         LINE#         887
  C:048CH         LINE#         888
  C:048CH         LINE#         889
  C:048CH         LINE#         890
  C:048FH         LINE#         891
  C:0496H         LINE#         892
  C:049DH         LINE#         893
  C:049FH         LINE#         895
  C:04A2H         LINE#         896
  C:04A2H         LINE#         897
  C:04A4H         LINE#         898
  C:04AEH         LINE#         899
  C:04B1H         LINE#         900
  C:04B4H         LINE#         901
  C:04C0H         LINE#         902
  C:04C3H         LINE#         903
  C:04CAH         LINE#         904
  C:04D1H         LINE#         905
  C:04D3H         LINE#         906
  C:04D6H         LINE#         908
  C:04D6H         LINE#         909
  C:04D8H         LINE#         910
  C:04E2H         LINE#         911
  C:04E5H         LINE#         912
  C:04ECH         LINE#         913
  C:04F8H         LINE#         914
  C:04FBH         LINE#         915
  C:0502H         LINE#         916
  C:0509H         LINE#         917
  C:050BH         LINE#         918
  C:050EH         LINE#         920
  C:050EH         LINE#         921
  C:0510H         LINE#         922
  C:0535H         LINE#         923
  C:0535H         LINE#         924
  C:053CH         LINE#         925
  C:053EH         LINE#         926
  C:0544H         LINE#         927
  C:0544H         LINE#         928
  C:054BH         LINE#         929
  C:054DH         LINE#         931
  C:054DH         LINE#         932
  C:0553H         LINE#         933
  C:0553H         LINE#         934
  C:055DH         LINE#         935
  C:055DH         LINE#         936
  C:0573H         LINE#         937
  C:0577H         LINE#         938
  C:0579H         LINE#         939
BL51 BANKED LINKER/LOCATER V6.22.2.0                                                  09/24/2022  18:27:03  PAGE 17


  C:0580H         LINE#         940
  C:0582H         LINE#         941
  C:0589H         LINE#         942
  C:0589H         LINE#         943
  C:0589H         LINE#         944
  C:058CH         LINE#         945
  C:058FH         LINE#         946
  C:059BH         LINE#         947
  C:059EH         LINE#         948
  C:05A5H         LINE#         949
  C:05ACH         LINE#         950
  C:05AEH         LINE#         951
  C:05B1H         LINE#         952
  C:05B1H         LINE#         953
  C:05B3H         LINE#         954
  C:05B7H         LINE#         955
  C:05BAH         LINE#         957
  C:05D0H         LINE#         958
  C:05D0H         LINE#         959
  C:05DEH         LINE#         960
  C:05E0H         LINE#         961
  C:05E6H         LINE#         962
  C:05E6H         LINE#         963
  C:05ECH         LINE#         964
  C:05ECH         LINE#         965
  C:05F6H         LINE#         966
  C:05F6H         LINE#         967
  C:0604H         LINE#         968
  C:0604H         LINE#         969
  C:060FH         LINE#         970
  C:0612H         LINE#         971
  C:0612H         LINE#         972
  C:0614H         LINE#         973
  C:0622H         LINE#         974
  C:0624H         LINE#         975
  C:0635H         LINE#         977
  C:0635H         LINE#         978
  C:0635H         LINE#         979
  C:0638H         LINE#         980
  C:063FH         LINE#         981
  C:064BH         LINE#         982
  C:064EH         LINE#         983
  C:0655H         LINE#         984
  C:065CH         LINE#         985
  C:065EH         LINE#         987
  C:0661H         LINE#         988
  C:0661H         LINE#         989
  C:0663H         LINE#         990
  C:066DH         LINE#         991
  C:0670H         LINE#         992
  C:0676H         LINE#         993
  C:0678H         LINE#         994
  C:067EH         LINE#         995
  C:067EH         LINE#         996
  C:0684H         LINE#         997
  C:0684H         LINE#         998
  C:068EH         LINE#         999
BL51 BANKED LINKER/LOCATER V6.22.2.0                                                  09/24/2022  18:27:03  PAGE 18


  C:068EH         LINE#         1000
  C:069CH         LINE#         1001
  C:069CH         LINE#         1002
  C:06A7H         LINE#         1003
  C:06A7H         LINE#         1004
  C:06A7H         LINE#         1005
  C:06A9H         LINE#         1006
  C:06B7H         LINE#         1007
  C:06B9H         LINE#         1008
  C:06CAH         LINE#         1010
  C:06CAH         LINE#         1011
  C:06CAH         LINE#         1012
  C:06CDH         LINE#         1013
  C:06D4H         LINE#         1014
  C:06E0H         LINE#         1015
  C:06E3H         LINE#         1016
  C:06EAH         LINE#         1017
  C:06F1H         LINE#         1018
  C:06F6H         LINE#         1019
  C:06F6H         LINE#         1021
  C:06F6H         LINE#         1022
  C:06F6H         LINE#         1023
  C:06F6H         LINE#         1024
  C:06F6H         LINE#         1025
  C:0704H         LINE#         1026
  C:0704H         LINE#         1027
  C:0707H         LINE#         1028
  C:0707H         LINE#         1029
  C:070DH         LINE#         1030
  C:0710H         LINE#         1031
  C:0710H         LINE#         1032
  C:0710H         LINE#         1035
  C:0710H         LINE#         1036
  C:0713H         LINE#         1037
  C:0715H         LINE#         1038
  C:0718H         LINE#         1039
  C:0725H         LINE#         1040
  C:0725H         LINE#         1041
  C:0725H         LINE#         1042
  C:0727H         LINE#         1043
  C:072DH         LINE#         1044
  C:072FH         LINE#         1045
  C:0732H         LINE#         1046
  C:0734H         LINE#         1047
  C:0736H         LINE#         1048
  C:0736H         LINE#         1049
  C:0738H         LINE#         1050
  C:073EH         LINE#         1051
  C:0740H         LINE#         1052
  C:0747H         LINE#         1053
  C:0749H         LINE#         1054
  C:074BH         LINE#         1055
  C:074BH         LINE#         1056
  C:074DH         LINE#         1057
  C:0753H         LINE#         1058
  C:0755H         LINE#         1059
  C:075CH         LINE#         1060
BL51 BANKED LINKER/LOCATER V6.22.2.0                                                  09/24/2022  18:27:03  PAGE 19


  C:0761H         LINE#         1061
  C:0761H         LINE#         1062
  C:0761H         LINE#         1063
  C:0761H         LINE#         1065
  C:0761H         LINE#         1067
  C:0764H         LINE#         1068
  C:0764H         LINE#         1069
  C:076BH         LINE#         1070
  C:076EH         LINE#         1071
  C:076EH         LINE#         1072
  C:076EH         LINE#         1075
  C:076EH         LINE#         1076
  C:0771H         LINE#         1077
  C:0773H         LINE#         1078
  C:0776H         LINE#         1079
  C:0783H         LINE#         1080
  C:0783H         LINE#         1081
  C:0783H         LINE#         1082
  C:0785H         LINE#         1083
  C:078FH         LINE#         1084
  C:0792H         LINE#         1085
  C:0795H         LINE#         1086
  C:0797H         LINE#         1087
  C:0799H         LINE#         1088
  C:0799H         LINE#         1089
  C:079BH         LINE#         1090
  C:07A5H         LINE#         1091
  C:07A8H         LINE#         1092
  C:07AFH         LINE#         1093
  C:07B1H         LINE#         1094
  C:07B3H         LINE#         1096
  C:07B3H         LINE#         1097
  C:07B5H         LINE#         1098
  C:07BFH         LINE#         1099
  C:07C2H         LINE#         1100
  C:07C9H         LINE#         1101
  C:07CEH         LINE#         1102
  C:07CEH         LINE#         1104
  C:07CEH         LINE#         1105
  C:07CEH         LINE#         1106
  C:07CEH         LINE#         1107
  C:07CEH         LINE#         1109
  C:07D4H         LINE#         1110
  C:07D4H         LINE#         1112
  C:07D7H         LINE#         1113
  C:07D7H         LINE#         1114
  C:07DDH         LINE#         1115
  C:07E0H         LINE#         1116
  C:07E0H         LINE#         1117
  C:07E2H         LINE#         1118
  C:07F2H         LINE#         1119
  C:07F4H         LINE#         1120
  C:07F4H         LINE#         1121
  C:07F4H         LINE#         1122
  C:07F7H         LINE#         1124
  C:07FAH         LINE#         1125
  C:07FAH         LINE#         1126
BL51 BANKED LINKER/LOCATER V6.22.2.0                                                  09/24/2022  18:27:03  PAGE 20


  C:0801H         LINE#         1127
  C:0804H         LINE#         1128
  C:0804H         LINE#         1129
  C:0809H         LINE#         1130
  C:0809H         LINE#         1131
  C:0809H         LINE#         1132
  C:080CH         LINE#         1134
  C:080FH         LINE#         1135
  C:080FH         LINE#         1136
  C:0816H         LINE#         1137
  C:0822H         LINE#         1138
  C:0822H         LINE#         1139
  C:0825H         LINE#         1140
  C:0825H         LINE#         1141
  -------         ENDPROC       KEYSCAN
  -------         PROC          INIT
  C:10E6H         LINE#         1144
  C:10E6H         LINE#         1145
  C:10E6H         LINE#         1146
  C:10E9H         LINE#         1147
  C:10ECH         LINE#         1148
  C:10EEH         LINE#         1149
  C:10F1H         LINE#         1150
  C:10F4H         LINE#         1151
  C:10F6H         LINE#         1152
  C:10F8H         LINE#         1153
  C:10FAH         LINE#         1154
  C:10FCH         LINE#         1155
  C:10FEH         LINE#         1156
  C:1100H         LINE#         1157
  C:1102H         LINE#         1158
  -------         ENDPROC       INIT
  -------         PROC          ALARM
  C:0F42H         LINE#         1161
  C:0F42H         LINE#         1162
  C:0F42H         LINE#         1163
  C:0F50H         LINE#         1164
  C:0F50H         LINE#         1165
  C:0F54H         LINE#         1166
  C:0F54H         LINE#         1167
  C:0F6BH         LINE#         1168
  C:0F6BH         LINE#         1169
  C:0F6FH         LINE#         1170
  C:0F71H         LINE#         1171
  C:0F71H         LINE#         1172
  -------         ENDPROC       ALARM
  -------         PROC          ZD_BAOSHI
  C:111CH         LINE#         1175
  C:111CH         LINE#         1176
  C:111CH         LINE#         1177
  C:111EH         LINE#         1178
  C:1125H         LINE#         1179
  C:1127H         LINE#         1180
  C:1129H         LINE#         1181
  C:112EH         LINE#         1182
  C:112EH         LINE#         1183
  C:1130H         LINE#         1184
BL51 BANKED LINKER/LOCATER V6.22.2.0                                                  09/24/2022  18:27:03  PAGE 21


  C:1130H         LINE#         1185
  -------         ENDPROC       ZD_BAOSHI
  -------         PROC          MAIN
  C:0D9AH         LINE#         1189
  C:0D9AH         LINE#         1190
  C:0D9AH         LINE#         1191
  C:0D9DH         LINE#         1192
  C:0DA0H         LINE#         1193
  C:0DA3H         LINE#         1194
  C:0DA6H         LINE#         1195
  C:0DA8H         LINE#         1196
  C:0DAAH         LINE#         1197
  C:0DB1H         LINE#         1198
  C:0DB3H         LINE#         1199
  C:0DB3H         LINE#         1200
  C:0DB3H         LINE#         1201
  C:0DB6H         LINE#         1202
  C:0DBAH         LINE#         1203
  C:0DBDH         LINE#         1204
  C:0DC0H         LINE#         1205
  C:0DC8H         LINE#         1206
  C:0DC8H         LINE#         1207
  C:0DD5H         LINE#         1208
  C:0DDDH         LINE#         1210
  C:0DDDH         LINE#         1211
  C:0DE6H         LINE#         1212
  C:0DE9H         LINE#         1213
  C:0DE9H         LINE#         1214
  C:0DECH         LINE#         1215
  C:0DEEH         LINE#         1216
  C:0DEEH         LINE#         1217
  C:0DF1H         LINE#         1218
  C:0DF1H         LINE#         1219
  C:0DF4H         LINE#         1221
  C:0DF7H         LINE#         1222
  C:0DFDH         LINE#         1223
  C:0E00H         LINE#         1224
  C:0E00H         LINE#         1225
  -------         ENDPROC       MAIN
  -------         PROC          TIMER0
  C:0AD4H         LINE#         1229
  C:0AF1H         LINE#         1232
  C:0AFAH         LINE#         1233
  C:0AFAH         LINE#         1234
  C:0B01H         LINE#         1235
  C:0B08H         LINE#         1236
  C:0B12H         LINE#         1237
  C:0B1CH         LINE#         1238
  C:0B26H         LINE#         1239
  C:0B30H         LINE#         1241
  C:0B33H         LINE#         1242
  C:0B33H         LINE#         1243
  C:0B39H         LINE#         1244
  C:0B39H         LINE#         1245
  C:0B3CH         LINE#         1247
  C:0B3CH         LINE#         1248
  C:0B3CH         LINE#         1251
BL51 BANKED LINKER/LOCATER V6.22.2.0                                                  09/24/2022  18:27:03  PAGE 22


  C:0B42H         LINE#         1252
  C:0B42H         LINE#         1253
  C:0B47H         LINE#         1254
  C:0B55H         LINE#         1255
  C:0B63H         LINE#         1257
  C:0B63H         LINE#         1258
  C:0B63H         LINE#         1259
  C:0B66H         LINE#         1262
  C:0B69H         LINE#         1263
  C:0B6FH         LINE#         1265
  C:0B74H         LINE#         1266
  C:0B82H         LINE#         1267
  C:0B82H         LINE#         1268
  C:0B8CH         LINE#         1269
  C:0B90H         LINE#         1271
  C:0B95H         LINE#         1272
  C:0BA3H         LINE#         1273
  C:0BA3H         LINE#         1274
  C:0BADH         LINE#         1275
  C:0BB1H         LINE#         1276
  C:0BB1H         LINE#         1279
  C:0BB1H         LINE#         1280
  C:0BB4H         LINE#         1281
  C:0BB7H         LINE#         1282
  C:0BBAH         LINE#         1285
  C:0BC1H         LINE#         1286
  C:0BC4H         LINE#         1287
  C:0BCBH         LINE#         1288
  C:0BCBH         LINE#         1290
  C:0BCEH         LINE#         1291
  C:0BD5H         LINE#         1292
  C:0BDCH         LINE#         1293
  C:0BDCH         LINE#         1294
  C:0BDFH         LINE#         1295
  C:0BE1H         LINE#         1297
  C:0BE1H         LINE#         1300
  C:0BE1H         LINE#         1301
  C:0BE4H         LINE#         1302
  C:0BE9H         LINE#         1303
  C:0BF5H         LINE#         1304
  C:0C03H         LINE#         1305
  C:0C08H         LINE#         1306
  C:0C14H         LINE#         1307
  C:0C22H         LINE#         1308
  C:0C27H         LINE#         1310
  C:0C46H         LINE#         1311
  C:0C58H         LINE#         1312
  C:0C58H         LINE#         1314
  C:0C58H         LINE#         1315
  -------         ENDPROC       TIMER0
  -------         PROC          TIMER1
  C:0E02H         LINE#         1321
  C:0E06H         LINE#         1326
  C:0E09H         LINE#         1327
  C:0E0CH         LINE#         1329
  C:0E0EH         LINE#         1330
  C:0E11H         LINE#         1331
BL51 BANKED LINKER/LOCATER V6.22.2.0                                                  09/24/2022  18:27:03  PAGE 23


  C:0E11H         LINE#         1332
  C:0E13H         LINE#         1333
  C:0E19H         LINE#         1334
  C:0E19H         LINE#         1335
  C:0E1BH         LINE#         1336
  C:0E1DH         LINE#         1337
  C:0E1DH         LINE#         1338
  C:0E1DH         LINE#         1339
  C:0E20H         LINE#         1340
  C:0E20H         LINE#         1341
  C:0E2BH         LINE#         1342
  C:0E2BH         LINE#         1343
  C:0E33H         LINE#         1344
  C:0E35H         LINE#         1346
  C:0E35H         LINE#         1347
  C:0E3BH         LINE#         1348
  C:0E4AH         LINE#         1350
  C:0E4AH         LINE#         1351
  C:0E4DH         LINE#         1352
  C:0E5CH         LINE#         1353
  C:0E5FH         LINE#         1354
  C:0E5FH         LINE#         1355
  C:0E5FH         LINE#         1356
  C:0E5FH         LINE#         1358
  -------         ENDPROC       TIMER1
  -------         ENDMOD        MAIN

  -------         MODULE        ?C?UIDIV
  C:0EBBH         PUBLIC        ?C?UIDIV
  -------         ENDMOD        ?C?UIDIV

Program Size: data=41.1 xdata=0 code=4411
LINK/LOCATE RUN COMPLETE.  0 WARNING(S),  0 ERROR(S)
