BL51 BANKED LINKER/LOCATER V6.22.2.0                                                    09/27/2022  17:35:56  PAGE 1


BL51 BANKED LINKER/LOCATER V6.22.2.0, INVOKED BY:
D:\KEIL\C51\BIN\BL51.EXE .\Objects\STARTUP.obj, .\Objects\main.obj TO .\Objects\test1 PRINT (.\Listings\test1.m51)


MEMORY MODEL: SMALL


INPUT MODULES INCLUDED:
  .\Objects\STARTUP.obj (?C_STARTUP)
  .\Objects\main.obj (MAIN)
  D:\KEIL\C51\LIB\C51S.LIB (?C?CLDOPTR)
  D:\KEIL\C51\LIB\C51S.LIB (?C?UIDIV)


LINK MAP OF MODULE:  .\Objects\test1 (?C_STARTUP)


            TYPE    BASE      LENGTH    RELOCATION   SEGMENT NAME
            -----------------------------------------------------

            * * * * * * *   D A T A   M E M O R Y   * * * * * * *
            REG     0000H     0008H     ABSOLUTE     "REG BANK 0"
            DATA    0008H     001CH     UNIT         ?DT?MAIN
            DATA    0024H     0010H     UNIT         _DATA_GROUP_
            IDATA   0034H     0001H     UNIT         ?STACK

            * * * * * * *   C O D E   M E M O R Y   * * * * * * *
            CODE    0000H     0003H     ABSOLUTE     
            CODE    0003H     0008H     UNIT         ?PR?_BUZZER_ON?MAIN
            CODE    000BH     0003H     ABSOLUTE     
            CODE    000EH     001DH     UNIT         ?PR?GETDISTANCE?MAIN
            CODE    002BH     0003H     ABSOLUTE     
            CODE    002EH     02E4H     UNIT         ?PR?TIMER0_LCD_CHANGE?MAIN
            CODE    0312H     009DH     UNIT         ?CO?MAIN
            CODE    03AFH     0084H     UNIT         ?PR?_LCD_SENTENCE_WRITE?MAIN
            CODE    0433H     0082H     UNIT         ?C?LIB_CODE
            CODE    04B5H     006BH     UNIT         ?PR?_WRITE_1302?MAIN
            CODE    0520H     0065H     UNIT         ?PR?CSB?MAIN
            CODE    0585H     005DH     UNIT         ?PR?_READ_1302?MAIN
            CODE    05E2H     0041H     UNIT         ?PR?TIME_READ?MAIN
            CODE    0623H     0040H     UNIT         ?PR?_TIME_WEEKDAY_WRITE?MAIN
            CODE    0663H     0033H     UNIT         ?PR?LCD_INIT?MAIN
            CODE    0696H     0031H     UNIT         ?PR?LCD_TIME_WRITE?MAIN
            CODE    06C7H     0030H     UNIT         ?PR?_WRITE_LCD_DAT?MAIN
            CODE    06F7H     0025H     UNIT         ?PR?MAIN?MAIN
            CODE    071CH     0025H     UNIT         ?PR?BACK_GROUND_DELAY?MAIN
            CODE    0741H     0023H     UNIT         ?PR?ALARM?MAIN
            CODE    0764H     001BH     UNIT         ?PR?DS1302_INIT?MAIN
            CODE    077FH     001AH     UNIT         ?PR?_BUTTON_BUZZER_ON?MAIN
            CODE    0799H     0018H     UNIT         ?PR?_WRITE_LCD_COM?MAIN
            CODE    07B1H     0014H     UNIT         ?PR?_DELAY10NUS?MAIN
            CODE    07C5H     0014H     UNIT         ?PR?_BCD2DECIMAL?MAIN
            CODE    07D9H     0011H     UNIT         ?PR?_TIME_FIRST_ROW_WRITE?MAIN
            CODE    07EAH     0010H     UNIT         ?PR?INITT0?MAIN
            CODE    07FAH     000EH     UNIT         ?PR?DELAY10US?MAIN
            CODE    0808H     000DH     UNIT         ?PR?_TIME_SECOND_ROW_WRITE?MAIN
            CODE    0815H     000CH     UNIT         ?C_C51STARTUP
            CODE    0821H     000AH     UNIT         ?PR?STARTCSB?MAIN
BL51 BANKED LINKER/LOCATER V6.22.2.0                                                  09/27/2022  17:35:56  PAGE 2


            CODE    082BH     0008H     UNIT         ?PR?STARTTIME?MAIN
            CODE    0833H     0003H     UNIT         ?PR?ENDTIME?MAIN



OVERLAY MAP OF MODULE:   .\Objects\test1 (?C_STARTUP)


SEGMENT                                   DATA_GROUP 
  +--> CALLED SEGMENT                   START    LENGTH
-------------------------------------------------------
?C_C51STARTUP                           -----    -----
  +--> ?PR?MAIN?MAIN

?PR?MAIN?MAIN                           -----    -----
  +--> ?PR?LCD_INIT?MAIN
  +--> ?PR?DS1302_INIT?MAIN
  +--> ?PR?INITT0?MAIN
  +--> ?PR?_BUZZER_ON?MAIN

?PR?LCD_INIT?MAIN                       -----    -----
  +--> ?PR?_WRITE_LCD_COM?MAIN
  +--> ?PR?_DELAY10NUS?MAIN
  +--> ?CO?MAIN
  +--> ?PR?_LCD_SENTENCE_WRITE?MAIN

?PR?_WRITE_LCD_COM?MAIN                 -----    -----
  +--> ?PR?_DELAY10NUS?MAIN

?PR?_DELAY10NUS?MAIN                    -----    -----
  +--> ?PR?DELAY10US?MAIN

?PR?_LCD_SENTENCE_WRITE?MAIN            002CH    0008H
  +--> ?PR?_WRITE_LCD_COM?MAIN
  +--> ?PR?_WRITE_LCD_DAT?MAIN

?PR?_WRITE_LCD_DAT?MAIN                 -----    -----
  +--> ?PR?_WRITE_LCD_COM?MAIN
  +--> ?PR?DELAY10US?MAIN

?PR?DS1302_INIT?MAIN                    -----    -----
  +--> ?PR?_WRITE_1302?MAIN

?PR?_BUZZER_ON?MAIN                     -----    -----
  +--> ?PR?_DELAY10NUS?MAIN

*** NEW ROOT ***************************************************

?PR?TIMER0_LCD_CHANGE?MAIN              -----    -----
  +--> ?PR?TIME_READ?MAIN
  +--> ?PR?LCD_TIME_WRITE?MAIN
  +--> ?PR?_TIME_FIRST_ROW_WRITE?MAIN
  +--> ?CO?MAIN
  +--> ?PR?_LCD_SENTENCE_WRITE?MAIN
  +--> ?PR?_TIME_SECOND_ROW_WRITE?MAIN
  +--> ?PR?ALARM?MAIN
  +--> ?PR?CSB?MAIN
BL51 BANKED LINKER/LOCATER V6.22.2.0                                                  09/27/2022  17:35:56  PAGE 3


  +--> ?PR?_BUZZER_ON?MAIN
  +--> ?PR?DELAY10US?MAIN
  +--> ?PR?_BUTTON_BUZZER_ON?MAIN

?PR?TIME_READ?MAIN                      -----    -----
  +--> ?PR?_BCD2DECIMAL?MAIN
  +--> ?PR?_READ_1302?MAIN

?PR?_BCD2DECIMAL?MAIN                   -----    -----
  +--> ?PR?_READ_1302?MAIN

?PR?LCD_TIME_WRITE?MAIN                 -----    -----
  +--> ?PR?_TIME_FIRST_ROW_WRITE?MAIN
  +--> ?PR?_TIME_SECOND_ROW_WRITE?MAIN
  +--> ?PR?_TIME_WEEKDAY_WRITE?MAIN

?PR?_TIME_FIRST_ROW_WRITE?MAIN          -----    -----
  +--> ?PR?_WRITE_LCD_DAT?MAIN

?PR?_TIME_SECOND_ROW_WRITE?MAIN         -----    -----
  +--> ?PR?_WRITE_LCD_DAT?MAIN

?PR?_TIME_WEEKDAY_WRITE?MAIN            -----    -----
  +--> ?PR?_WRITE_LCD_COM?MAIN
  +--> ?CO?MAIN
  +--> ?PR?_WRITE_LCD_DAT?MAIN

?PR?CSB?MAIN                            -----    -----
  +--> ?PR?STARTCSB?MAIN
  +--> ?PR?STARTTIME?MAIN
  +--> ?PR?ENDTIME?MAIN
  +--> ?PR?GETDISTANCE?MAIN

?PR?STARTCSB?MAIN                       -----    -----
  +--> ?PR?DELAY10US?MAIN

?PR?_BUTTON_BUZZER_ON?MAIN              -----    -----
  +--> ?PR?_DELAY10NUS?MAIN



SYMBOL TABLE OF MODULE:  .\Objects\test1 (?C_STARTUP)

  VALUE           TYPE          NAME
  ----------------------------------

  -------         MODULE        ?C_STARTUP
  C:0815H         SEGMENT       ?C_C51STARTUP
  I:0034H         SEGMENT       ?STACK
  C:0000H         PUBLIC        ?C_STARTUP
  D:00E0H         SYMBOL        ACC
  D:00F0H         SYMBOL        B
  D:0083H         SYMBOL        DPH
  D:0082H         SYMBOL        DPL
  N:0000H         SYMBOL        IBPSTACK
  N:0100H         SYMBOL        IBPSTACKTOP
  N:0080H         SYMBOL        IDATALEN
BL51 BANKED LINKER/LOCATER V6.22.2.0                                                  09/27/2022  17:35:56  PAGE 4


  C:0818H         SYMBOL        IDATALOOP
  N:0000H         SYMBOL        PBPSTACK
  N:0100H         SYMBOL        PBPSTACKTOP
  N:0000H         SYMBOL        PDATALEN
  N:0000H         SYMBOL        PDATASTART
  N:0000H         SYMBOL        PPAGE
  N:0000H         SYMBOL        PPAGEENABLE
  D:00A0H         SYMBOL        PPAGE_SFR
  D:0081H         SYMBOL        SP
  C:0815H         SYMBOL        STARTUP1
  N:0000H         SYMBOL        XBPSTACK
  N:0000H         SYMBOL        XBPSTACKTOP
  N:0000H         SYMBOL        XDATALEN
  N:0000H         SYMBOL        XDATASTART
  C:0000H         LINE#         126
  C:0815H         LINE#         133
  C:0817H         LINE#         134
  C:0818H         LINE#         135
  C:0819H         LINE#         136
  C:081BH         LINE#         185
  C:081EH         LINE#         196
  -------         ENDMOD        ?C_STARTUP

  -------         MODULE        MAIN
  C:0000H         SYMBOL        _ICE_DUMMY_
  C:03B3H         PUBLIC        _lcd_sentence_write
  D:0008H         PUBLIC        second
  D:0080H         PUBLIC        P0
  B:00A0H.6       PUBLIC        led_rw
  D:0090H         PUBLIC        P1
  D:00A0H         PUBLIC        P2
  D:00B0H         PUBLIC        P3
  D:0009H         PUBLIC        dis_temp_pre
  B:00A8H.7       PUBLIC        EA
  C:07DDH         PUBLIC        _time_first_row_write
  C:0821H         PUBLIC        startCSB
  D:000AH         PUBLIC        sw_hour
  D:00A8H         PUBLIC        IE
  C:0741H         PUBLIC        alarm
  C:0623H         PUBLIC        _time_weekday_write
  D:000BH         PUBLIC        minute
  B:00A0H.1       PUBLIC        IO
  B:0090H.5       PUBLIC        hcsr04_echo
  D:00B8H         PUBLIC        IP
  B:00A0H.4       PUBLIC        background_light
  D:000CH         PUBLIC        clock_bit_chose
  B:00A0H.3       PUBLIC        buzzer
  C:06F7H         PUBLIC        main
  B:0090H.4       PUBLIC        button_buzzer
  C:0334H         PUBLIC        tab_clock
  D:000DH         PUBLIC        month
  D:000EH         PUBLIC        week
  B:00A0H.0       PUBLIC        SCLK
  C:07C8H         PUBLIC        _BCD2Decimal
  C:05E2H         PUBLIC        time_read
  B:0090H.6       PUBLIC        hcsr04_trig
  D:000FH         PUBLIC        year
BL51 BANKED LINKER/LOCATER V6.22.2.0                                                  09/27/2022  17:35:56  PAGE 5


  C:002EH         PUBLIC        timer0_lcd_change
  D:0010H         PUBLIC        sw_second_begin
  D:0098H         PUBLIC        SCON
  D:0089H         PUBLIC        TMOD
  D:0088H         PUBLIC        TCON
  C:0764H         PUBLIC        ds1302_init
  C:07EAH         PUBLIC        initT0
  D:0011H         PUBLIC        day
  D:0012H         PUBLIC        hour
  D:0013H         PUBLIC        dis
  D:0015H         PUBLIC        mod
  C:082BH         PUBLIC        startTime
  D:0016H         PUBLIC        stop_watch
  C:0585H         PUBLIC        _read_1302
  D:0017H         PUBLIC        tem
  B:00A8H.1       PUBLIC        ET0
  C:0833H         PUBLIC        endTime
  D:0018H         PUBLIC        sw_minute_begin
  C:0663H         PUBLIC        lcd_init
  D:0019H         PUBLIC        sw_second
  B:00A8H.5       PUBLIC        ET2
  B:0088H.7       PUBLIC        TF1
  C:07B1H         PUBLIC        _delay10nus
  C:0389H         PUBLIC        tab_sign
  D:008CH         PUBLIC        TH0
  C:0345H         PUBLIC        tab_void
  D:008DH         PUBLIC        TH1
  D:00CDH         PUBLIC        TH2
  D:008AH         PUBLIC        TL0
  C:0378H         PUBLIC        tab_stop_clock
  B:0090H.0       PUBLIC        button1
  D:008BH         PUBLIC        TL1
  B:0090H.1       PUBLIC        button2
  D:00CCH         PUBLIC        TL2
  B:0090H.2       PUBLIC        button3
  B:0090H.3       PUBLIC        button4
  C:0696H         PUBLIC        lcd_time_write
  C:04B9H         PUBLIC        _write_1302
  C:0367H         PUBLIC        tab_off
  B:0088H.4       PUBLIC        TR0
  B:0088H.6       PUBLIC        TR1
  C:0520H         PUBLIC        CSB
  B:00C8H.2       PUBLIC        TR2
  D:001AH         PUBLIC        dis_temp
  C:0808H         PUBLIC        _time_second_row_write
  D:001BH         PUBLIC        clk_hour
  C:07FAH         PUBLIC        delay10us
  C:06DCH         PUBLIC        _write_lcd_dat
  D:001CH         PUBLIC        sw_minute
  D:001DH         PUBLIC        clk_min
  C:0799H         PUBLIC        _write_lcd_com
  C:0003H         PUBLIC        _buzzer_on
  C:0783H         PUBLIC        _button_buzzer_on
  D:00C8H         PUBLIC        T2CON
  D:001EH         PUBLIC        j
  C:0312H         PUBLIC        tab1
  D:0020H         PUBLIC        dis_pre
BL51 BANKED LINKER/LOCATER V6.22.2.0                                                  09/27/2022  17:35:56  PAGE 6


  C:0323H         PUBLIC        tab2
  B:00A0H.7       PUBLIC        led_en
  C:039AH         PUBLIC        weekday
  C:000EH         PUBLIC        getDistance
  D:0022H         PUBLIC        sw_hour_begin
  C:0356H         PUBLIC        tab_on
  C:071CH         PUBLIC        back_ground_delay
  D:0023H         PUBLIC        clk_on
  B:00A0H.2       PUBLIC        RST
  D:00D0H         PUBLIC        PSW
  B:00A0H.5       PUBLIC        led_rs
  -------         PROC          MAIN
  C:06F7H         LINE#         76
  C:06F7H         LINE#         77
  C:06F7H         LINE#         78
  C:06F7H         LINE#         79
  C:06FAH         LINE#         80
  C:06FCH         LINE#         81
  C:06FEH         LINE#         82
  C:0700H         LINE#         83
  C:0702H         LINE#         84
  C:0704H         LINE#         85
  C:0706H         LINE#         86
  C:0708H         LINE#         88
  C:070AH         LINE#         89
  C:070AH         LINE#         90
  C:070DH         LINE#         91
  C:0710H         LINE#         92
  C:0713H         LINE#         93
  C:071AH         LINE#         94
  -------         ENDPROC       MAIN
  -------         PROC          DELAY10US
  C:07FAH         LINE#         98
  C:07FAH         LINE#         99
  C:07FAH         LINE#         100
  C:07FDH         LINE#         101
  C:0800H         LINE#         102
  C:0802H         LINE#         103
  C:0805H         LINE#         105
  C:0807H         LINE#         106
  -------         ENDPROC       DELAY10US
  -------         PROC          _DELAY10NUS
  D:0006H         SYMBOL        n
  -------         DO            
  D:0006H         SYMBOL        j
  -------         ENDDO         
  C:07B1H         LINE#         107
  C:07B1H         LINE#         108
  C:07B1H         LINE#         110
  C:07BAH         LINE#         111
  C:07C4H         LINE#         112
  -------         ENDPROC       _DELAY10NUS
  -------         PROC          _BUZZER_ON
  D:0006H         SYMBOL        ms
  C:0003H         LINE#         113
  C:0003H         LINE#         114
  C:0003H         LINE#         115
BL51 BANKED LINKER/LOCATER V6.22.2.0                                                  09/27/2022  17:35:56  PAGE 7


  C:0005H         LINE#         116
  C:0008H         LINE#         117
  C:000AH         LINE#         118
  -------         ENDPROC       _BUZZER_ON
  C:077FH         SYMBOL        L?0164
  -------         PROC          L?0163
  -------         ENDPROC       L?0163
  C:077FH         SYMBOL        L?0164
  -------         PROC          _BUTTON_BUZZER_ON
  D:0006H         SYMBOL        ms
  C:0783H         LINE#         119
  C:0783H         LINE#         120
  C:0783H         LINE#         121
  C:0785H         LINE#         123
  C:0787H         LINE#         124
  C:078AH         LINE#         125
  C:078DH         LINE#         126
  C:078FH         LINE#         127
  C:0791H         LINE#         128
  C:0793H         LINE#         130
  C:0796H         LINE#         131
  C:0798H         LINE#         132
  -------         ENDPROC       _BUTTON_BUZZER_ON
  -------         PROC          L?0162
  -------         ENDPROC       L?0162
  -------         PROC          _BCD2DECIMAL
  D:0007H         SYMBOL        bcd
  -------         DO            
  D:0006H         SYMBOL        Decimal
  -------         ENDDO         
  C:07C8H         LINE#         133
  C:07C8H         LINE#         134
  C:07C8H         LINE#         136
  C:07CDH         LINE#         137
  C:07D8H         LINE#         138
  -------         ENDPROC       _BCD2DECIMAL
  -------         PROC          ALARM
  C:0741H         LINE#         146
  C:0741H         LINE#         147
  C:0741H         LINE#         148
  C:074FH         LINE#         149
  C:0751H         LINE#         150
  C:0761H         LINE#         151
  C:0763H         LINE#         152
  -------         ENDPROC       ALARM
  -------         PROC          LCD_INIT
  C:0663H         LINE#         154
  C:0663H         LINE#         155
  C:0663H         LINE#         157
  C:0668H         LINE#         158
  C:066DH         LINE#         159
  C:0672H         LINE#         160
  C:0677H         LINE#         161
  C:067EH         LINE#         162
  C:0688H         LINE#         163
  -------         ENDPROC       LCD_INIT
  -------         PROC          _WRITE_LCD_COM
BL51 BANKED LINKER/LOCATER V6.22.2.0                                                  09/27/2022  17:35:56  PAGE 8


  D:0007H         SYMBOL        com
  C:0799H         LINE#         165
  C:0799H         LINE#         166
  C:0799H         LINE#         167
  C:079BH         LINE#         168
  C:079DH         LINE#         169
  C:079FH         LINE#         170
  C:07A1H         LINE#         171
  C:07A8H         LINE#         172
  C:07AAH         LINE#         173
  -------         ENDPROC       _WRITE_LCD_COM
  -------         PROC          L?0161
  -------         ENDPROC       L?0161
  -------         PROC          _WRITE_LCD_DAT
  D:0007H         SYMBOL        dat
  -------         DO            
  D:0004H         SYMBOL        i
  -------         ENDDO         
  C:06DCH         LINE#         175
  C:06DCH         LINE#         176
  C:06DCH         LINE#         177
  C:06E0H         LINE#         178
  C:06E2H         LINE#         179
  C:06E4H         LINE#         180
  C:06E6H         LINE#         181
  C:06E8H         LINE#         182
  C:06E8H         LINE#         183
  C:06F4H         LINE#         184
  C:06F6H         LINE#         185
  -------         ENDPROC       _WRITE_LCD_DAT
  -------         PROC          DS1302_INIT
  C:0764H         LINE#         187
  C:0764H         LINE#         188
  C:0764H         LINE#         189
  C:0766H         LINE#         190
  C:0768H         LINE#         191
  C:076FH         LINE#         192
  C:0772H         LINE#         193
  C:0775H         LINE#         194
  C:0778H         LINE#         201
  -------         ENDPROC       DS1302_INIT
  C:04B5H         SYMBOL        L?0168
  -------         PROC          L?0167
  -------         ENDPROC       L?0167
  C:04B5H         SYMBOL        L?0168
  -------         PROC          _WRITE_1302
  D:0001H         SYMBOL        add
  D:0005H         SYMBOL        dat
  -------         DO            
  D:0003H         SYMBOL        i
  -------         ENDDO         
  C:04B9H         LINE#         203
  C:04BBH         LINE#         204
  C:04BBH         LINE#         206
  C:04BDH         LINE#         207
  C:04BFH         LINE#         208
  C:04C1H         LINE#         209
BL51 BANKED LINKER/LOCATER V6.22.2.0                                                  09/27/2022  17:35:56  PAGE 9


  C:04CDH         LINE#         210
  C:04CDH         LINE#         211
  C:04E8H         LINE#         212
  C:04EAH         LINE#         213
  C:04ECH         LINE#         214
  C:04EFH         LINE#         215
  C:04FBH         LINE#         216
  C:04FBH         LINE#         217
  C:0516H         LINE#         218
  C:0518H         LINE#         219
  C:051AH         LINE#         220
  C:051DH         LINE#         221
  C:051FH         LINE#         222
  -------         ENDPROC       _WRITE_1302
  -------         PROC          _READ_1302
  D:0001H         SYMBOL        add
  -------         DO            
  D:0003H         SYMBOL        i
  D:0005H         SYMBOL        DATA
  -------         ENDDO         
  C:0585H         LINE#         223
  C:0587H         LINE#         224
  C:0587H         LINE#         225
  C:0589H         LINE#         226
  C:058BH         LINE#         227
  C:058DH         LINE#         228
  C:058FH         LINE#         229
  C:059AH         LINE#         230
  C:059AH         LINE#         231
  C:05B5H         LINE#         232
  C:05B7H         LINE#         233
  C:05B9H         LINE#         234
  C:05BCH         LINE#         235
  C:05C8H         LINE#         236
  C:05C8H         LINE#         237
  C:05CBH         LINE#         238
  C:05D8H         LINE#         239
  C:05DAH         LINE#         240
  C:05DCH         LINE#         241
  C:05DFH         LINE#         242
  C:05E1H         LINE#         243
  -------         ENDPROC       _READ_1302
  -------         PROC          INITT0
  C:07EAH         LINE#         245
  C:07EAH         LINE#         246
  C:07EAH         LINE#         247
  C:07EDH         LINE#         248
  C:07F0H         LINE#         249
  C:07F3H         LINE#         250
  C:07F5H         LINE#         251
  C:07F7H         LINE#         252
  C:07F9H         LINE#         253
  -------         ENDPROC       INITT0
  -------         PROC          TIME_READ
  C:05E2H         LINE#         255
  C:05E2H         LINE#         256
  C:05E2H         LINE#         257
BL51 BANKED LINKER/LOCATER V6.22.2.0                                                  09/27/2022  17:35:56  PAGE 10


  C:05E9H         LINE#         258
  C:05F0H         LINE#         259
  C:05FAH         LINE#         260
  C:0604H         LINE#         261
  C:060EH         LINE#         262
  C:0618H         LINE#         263
  C:0622H         LINE#         264
  -------         ENDPROC       TIME_READ
  C:07D9H         SYMBOL        L?0170
  -------         PROC          L?0169
  -------         ENDPROC       L?0169
  C:07D9H         SYMBOL        L?0170
  -------         PROC          _TIME_FIRST_ROW_WRITE
  D:0007H         SYMBOL        add
  D:0005H         SYMBOL        dat
  -------         DO            
  D:0006H         SYMBOL        unit
  D:0007H         SYMBOL        decade
  -------         ENDDO         
  C:07DDH         LINE#         265
  C:07DDH         LINE#         266
  C:07DDH         LINE#         268
  C:07E0H         LINE#         269
  C:07E0H         LINE#         270
  C:07E0H         LINE#         271
  C:07E3H         LINE#         272
  -------         ENDPROC       _TIME_FIRST_ROW_WRITE
  -------         PROC          _TIME_SECOND_ROW_WRITE
  D:0007H         SYMBOL        add
  D:0005H         SYMBOL        dat
  -------         DO            
  D:0006H         SYMBOL        unit
  D:0007H         SYMBOL        decade
  -------         ENDDO         
  C:0808H         LINE#         274
  C:0808H         LINE#         275
  C:0808H         LINE#         277
  C:080BH         LINE#         279
  C:080BH         LINE#         280
  C:080BH         LINE#         282
  C:080EH         LINE#         283
  -------         ENDPROC       _TIME_SECOND_ROW_WRITE
  -------         PROC          _TIME_WEEKDAY_WRITE
  D:0007H         SYMBOL        add
  D:0003H         SYMBOL        dat
  C:0623H         LINE#         285
  C:0625H         LINE#         286
  C:0625H         LINE#         287
  C:062CH         LINE#         288
  C:0631H         LINE#         289
  C:0662H         LINE#         290
  -------         ENDPROC       _TIME_WEEKDAY_WRITE
  -------         PROC          LCD_TIME_WRITE
  C:0696H         LINE#         291
  C:0696H         LINE#         292
  C:0696H         LINE#         293
  C:069DH         LINE#         294
BL51 BANKED LINKER/LOCATER V6.22.2.0                                                  09/27/2022  17:35:56  PAGE 11


  C:06A4H         LINE#         295
  C:06ABH         LINE#         296
  C:06B2H         LINE#         297
  C:06B9H         LINE#         298
  C:06C0H         LINE#         299
  -------         ENDPROC       LCD_TIME_WRITE
  C:03AFH         SYMBOL        L?0166
  -------         PROC          L?0165
  -------         ENDPROC       L?0165
  C:03AFH         SYMBOL        L?0166
  -------         PROC          _LCD_SENTENCE_WRITE
  D:002CH         SYMBOL        row
  D:002EH         SYMBOL        add
  D:002FH         SYMBOL        sen
  -------         DO            
  D:0032H         SYMBOL        a
  -------         ENDDO         
  C:03B3H         LINE#         301
  C:03BFH         LINE#         302
  C:03BFH         LINE#         304
  C:03C7H         LINE#         305
  C:03C7H         LINE#         306
  C:03CFH         LINE#         307
  C:03D4H         LINE#         308
  C:03F9H         LINE#         309
  C:03F9H         LINE#         310
  C:0401H         LINE#         311
  C:0401H         LINE#         312
  C:0409H         LINE#         313
  C:040EH         LINE#         314
  C:0432H         LINE#         315
  C:0432H         LINE#         316
  -------         ENDPROC       _LCD_SENTENCE_WRITE
  -------         PROC          CSB
  C:0520H         LINE#         318
  C:0520H         LINE#         319
  C:0520H         LINE#         321
  C:0523H         LINE#         322
  C:0526H         LINE#         324
  C:0529H         LINE#         325
  C:052CH         LINE#         327
  C:052FH         LINE#         328
  C:0535H         LINE#         329
  C:053CH         LINE#         330
  C:053FH         LINE#         331
  C:0542H         LINE#         332
  C:054DH         LINE#         333
  C:054DH         LINE#         334
  C:0560H         LINE#         335
  C:0560H         LINE#         336
  C:0560H         LINE#         337
  C:0560H         LINE#         338
  C:0560H         LINE#         339
  C:0560H         LINE#         340
  C:0560H         LINE#         341
  C:0560H         LINE#         342
  C:0560H         LINE#         343
BL51 BANKED LINKER/LOCATER V6.22.2.0                                                  09/27/2022  17:35:56  PAGE 12


  C:0562H         LINE#         345
  C:0562H         LINE#         346
  C:0576H         LINE#         347
  C:0576H         LINE#         348
  C:0578H         LINE#         349
  C:057BH         LINE#         350
  C:057EH         LINE#         351
  C:0580H         LINE#         352
  C:0582H         LINE#         353
  C:0584H         LINE#         354
  C:0584H         LINE#         355
  C:0584H         LINE#         356
  -------         ENDPROC       CSB
  -------         PROC          STARTCSB
  C:0821H         LINE#         357
  C:0821H         LINE#         358
  C:0821H         LINE#         359
  C:0823H         LINE#         360
  C:0825H         LINE#         361
  C:0828H         LINE#         362
  C:082AH         LINE#         363
  -------         ENDPROC       STARTCSB
  -------         PROC          STARTTIME
  C:082BH         LINE#         364
  C:082BH         LINE#         365
  C:082BH         LINE#         366
  C:082EH         LINE#         367
  C:0830H         LINE#         368
  C:0832H         LINE#         369
  -------         ENDPROC       STARTTIME
  -------         PROC          ENDTIME
  C:0833H         LINE#         370
  C:0833H         LINE#         371
  C:0833H         LINE#         372
  C:0835H         LINE#         373
  -------         ENDPROC       ENDTIME
  -------         PROC          GETDISTANCE
  -------         DO            
  D:0004H         SYMBOL        distance
  D:0006H         SYMBOL        time
  -------         ENDDO         
  C:000EH         LINE#         374
  C:000EH         LINE#         375
  C:000EH         LINE#         378
  C:0015H         LINE#         379
  C:0026H         LINE#         380
  C:002AH         LINE#         381
  -------         ENDPROC       GETDISTANCE
  -------         PROC          TIMER0_LCD_CHANGE
  C:002EH         LINE#         383
  C:004BH         LINE#         385
  C:004EH         LINE#         386
  C:0051H         LINE#         387
  C:0054H         LINE#         388
  C:0058H         LINE#         389
  C:0058H         LINE#         390
  C:005AH         LINE#         391
BL51 BANKED LINKER/LOCATER V6.22.2.0                                                  09/27/2022  17:35:56  PAGE 13


  C:005DH         LINE#         392
  C:0060H         LINE#         393
  C:0066H         LINE#         394
  C:0066H         LINE#         396
  C:006AH         LINE#         397
  C:006AH         LINE#         398
  C:006DH         LINE#         399
  C:0074H         LINE#         400
  C:007AH         LINE#         401
  C:007CH         LINE#         403
  C:007CH         LINE#         404
  C:0082H         LINE#         405
  C:0082H         LINE#         406
  C:0085H         LINE#         407
  C:008DH         LINE#         408
  C:008FH         LINE#         409
  C:0095H         LINE#         410
  C:0095H         LINE#         411
  C:0098H         LINE#         412
  C:00A0H         LINE#         413
  C:00A2H         LINE#         414
  C:00A8H         LINE#         415
  C:00A8H         LINE#         416
  C:00AFH         LINE#         417
  C:00B7H         LINE#         418
  C:00B9H         LINE#         419
  C:00BFH         LINE#         420
  C:00BFH         LINE#         421
  C:00C6H         LINE#         422
  C:00D5H         LINE#         423
  C:00D5H         LINE#         424
  C:00D5H         LINE#         425
  C:00D7H         LINE#         427
  C:00DDH         LINE#         428
  C:00DDH         LINE#         429
  C:00DFH         LINE#         430
  C:00E6H         LINE#         431
  C:00EDH         LINE#         432
  C:00F4H         LINE#         433
  C:00FAH         LINE#         434
  C:00FAH         LINE#         435
  C:00FCH         LINE#         436
  C:00FFH         LINE#         437
  C:0102H         LINE#         438
  C:0102H         LINE#         439
  C:0102H         LINE#         441
  C:0102H         LINE#         442
  C:0108H         LINE#         443
  C:010BH         LINE#         445
  C:010EH         LINE#         446
  C:0124H         LINE#         447
  C:012BH         LINE#         448
  C:0131H         LINE#         449
  C:0131H         LINE#         450
  C:0138H         LINE#         451
  C:013FH         LINE#         452
  C:0146H         LINE#         453
BL51 BANKED LINKER/LOCATER V6.22.2.0                                                  09/27/2022  17:35:56  PAGE 14


  C:0146H         LINE#         454
  C:0146H         LINE#         456
  C:0146H         LINE#         457
  C:0155H         LINE#         458
  C:0155H         LINE#         459
  C:015BH         LINE#         460
  C:0171H         LINE#         461
  C:0174H         LINE#         462
  C:0174H         LINE#         463
  C:0177H         LINE#         464
  C:017DH         LINE#         465
  C:0181H         LINE#         467
  C:0184H         LINE#         468
  C:0188H         LINE#         469
  C:0188H         LINE#         470
  C:018EH         LINE#         471
  C:018EH         LINE#         472
  C:0190H         LINE#         473
  C:0196H         LINE#         474
  C:0196H         LINE#         475
  C:019FH         LINE#         476
  C:01A7H         LINE#         477
  C:01ADH         LINE#         479
  C:01B2H         LINE#         480
  C:01B4H         LINE#         481
  C:01BDH         LINE#         482
  C:01BDH         LINE#         483
  C:01C6H         LINE#         484
  C:01D4H         LINE#         485
  C:01D4H         LINE#         486
  C:01D7H         LINE#         487
  C:01DAH         LINE#         488
  C:01DAH         LINE#         489
  C:01DDH         LINE#         490
  C:01E3H         LINE#         491
  C:01E3H         LINE#         492
  C:01EFH         LINE#         493
  C:01EFH         LINE#         494
  C:01F7H         LINE#         495
  C:01FDH         LINE#         497
  C:0209H         LINE#         499
  C:0212H         LINE#         500
  C:0212H         LINE#         501
  C:021FH         LINE#         502
  C:0227H         LINE#         503
  C:0227H         LINE#         504
  C:0235H         LINE#         506
  C:023CH         LINE#         507
  C:023CH         LINE#         508
  C:023CH         LINE#         509
  C:023FH         LINE#         510
  C:0242H         LINE#         511
  C:0242H         LINE#         512
  C:0245H         LINE#         513
  C:024EH         LINE#         514
  C:024EH         LINE#         515
  C:025DH         LINE#         516
BL51 BANKED LINKER/LOCATER V6.22.2.0                                                  09/27/2022  17:35:56  PAGE 15


  C:0260H         LINE#         517
  C:0269H         LINE#         518
  C:0269H         LINE#         519
  C:026BH         LINE#         520
  C:026DH         LINE#         521
  C:026FH         LINE#         522
  C:026FH         LINE#         523
  C:0272H         LINE#         524
  C:0278H         LINE#         525
  C:0278H         LINE#         526
  C:027BH         LINE#         527
  C:0281H         LINE#         528
  C:0281H         LINE#         529
  C:0286H         LINE#         530
  C:0286H         LINE#         531
  C:028AH         LINE#         532
  C:028AH         LINE#         533
  C:0290H         LINE#         534
  C:029DH         LINE#         535
  C:02A3H         LINE#         536
  C:02A3H         LINE#         537
  C:02A9H         LINE#         538
  C:02A9H         LINE#         539
  C:02ABH         LINE#         540
  C:02B6H         LINE#         541
  C:02B9H         LINE#         542
  C:02B9H         LINE#         543
  C:02C2H         LINE#         544
  C:02C2H         LINE#         545
  C:02C8H         LINE#         546
  C:02D5H         LINE#         547
  C:02DBH         LINE#         548
  C:02DBH         LINE#         549
  C:02E1H         LINE#         550
  C:02E1H         LINE#         551
  C:02E3H         LINE#         552
  C:02F4H         LINE#         553
  C:02F7H         LINE#         554
  C:02F7H         LINE#         555
  C:02F7H         LINE#         556
  C:02F7H         LINE#         557
  C:02F7H         LINE#         558
  C:02F7H         LINE#         559
  C:02F7H         LINE#         560
  -------         ENDPROC       TIMER0_LCD_CHANGE
  -------         PROC          BACK_GROUND_DELAY
  C:071CH         LINE#         562
  C:0725H         LINE#         564
  C:0733H         LINE#         565
  C:0733H         LINE#         566
  C:0735H         LINE#         567
  C:0738H         LINE#         568
  C:073AH         LINE#         569
  C:073AH         LINE#         570
  -------         ENDPROC       BACK_GROUND_DELAY
  -------         ENDMOD        MAIN

BL51 BANKED LINKER/LOCATER V6.22.2.0                                                  09/27/2022  17:35:56  PAGE 16


  -------         MODULE        ?C?CLDOPTR
  C:0433H         PUBLIC        ?C?CLDOPTR
  -------         ENDMOD        ?C?CLDOPTR

  -------         MODULE        ?C?UIDIV
  C:0460H         PUBLIC        ?C?UIDIV
  -------         ENDMOD        ?C?UIDIV

*** WARNING L15: MULTIPLE CALL TO SEGMENT
    SEGMENT: ?PR?_LCD_SENTENCE_WRITE?MAIN
    CALLER1: ?C_C51STARTUP
    CALLER2: ?PR?TIMER0_LCD_CHANGE?MAIN

Program Size: data=53.0 xdata=0 code=2102
LINK/LOCATE RUN COMPLETE.  1 WARNING(S),  0 ERROR(S)
